2026-03-03 18:35:33 [INFO] AXIsstant: Tesseract CMD set to: /usr/bin/tesseract
=== Program Info Extraction ===
  CURRICULUM FOR BACHELOR OF SCIENCE IN ARCHITECTURE -> {'program_full': 'BACHELOR OF SCIENCE IN ARCHITECTURE', 'program_code': 'BS ARCH'}
  CURRICULUM FOR BACHELOR OF SCIENCE IN MATHEMATICS  -> {'program_full': 'BACHELOR OF SCIENCE IN MATHEMATICS', 'program_code': 'BS MATH'}
  CURRICULUM FOR BACHELOR OF SCIENCE IN ELECTRONICS  -> {'program_full': 'BACHELOR OF SCIENCE IN ELECTRONICS ENGINEERING', 'program_code': 'BS ECE'}
  2025 ADNU COLLEGE HANDBOOK - CHAPTER 4.pdf         -> {}

=== Architecture Curriculum Extraction ===
2026-03-03 18:35:33 [INFO] AXIsstant: Reading PDF: CURRICULUM FOR BACHELOR OF SCIENCE IN ARCHITECTURE (BS ARCH).pdf...
Total chunks: 19
  Table chunks: 13
  Text chunks:  6

--- Chunk 1 (table, page 1) ---
  Metadata: {'source': 'CURRICULUM FOR BACHELOR OF SCIENCE IN ARCHITECTURE (BS ARCH).pdf', 'page': 1, 'type': 'table', 'program_code': 'BS ARCH'}
  Content:  Program: BACHELOR OF SCIENCE IN ARCHITECTURE (BS ARCH) | FIRST YEAR - First Semester |  | | Course Code | Course Title | Credit Units | Pay Units (in hours) |  |  | Prerequisite | Prerequisite Course Title | | | --- | --- | --- | --- | --- | --- | --- | --- | | |  |  |  | lec | lab | stu dio |  |  | | | THEN100...

--- Chunk 2 (table, page 1) ---
  Metadata: {'source': 'CURRICULUM FOR BACHELOR OF SCIENCE IN ARCHITECTURE (BS ARCH).pdf', 'page': 1, 'type': 'table', 'program_code': 'BS ARCH'}
  Content:  Program: BACHELOR OF SCIENCE IN ARCHITECTURE (BS ARCH) | FIRST YEAR - Second Semester |  | | Course Code | Course Title | Credit Units | Pay Units (in hours) |  |  | Prerequisite | Prerequisite Course Title | | | --- | --- | --- | --- | --- | --- | --- | --- | | |  |  |  | lec | lab | stu dio |  |  | | | THEN10...

--- Chunk 3 (text, page 1) ---
  Metadata: {'source': 'CURRICULUM FOR BACHELOR OF SCIENCE IN ARCHITECTURE (BS ARCH).pdf', 'page': 1, 'type': 'text', 'program_code': 'BS ARCH'}
  Content:  Program: BACHELOR OF SCIENCE IN ARCHITECTURE (BS ARCH) |  | ATENEODENAGAUNIVERSITY | CollegeofScience,EngineeringandArchitecture | DepartmentofCivilEngineeringandArchitecture | CURRICULUMFORBACHELOROFSCIENCEINARCHITECTURE(BSARCH) | SY2022-2023 | BasedonCMONo.61Seriesof2017 | FIRSTYEAR-FirstSemester | *Non-Credit,requ...

--- Chunk 4 (table, page 2) ---
  Metadata: {'source': 'CURRICULUM FOR BACHELOR OF SCIENCE IN ARCHITECTURE (BS ARCH).pdf', 'page': 2, 'type': 'table', 'program_code': 'BS ARCH'}
  Content:  Program: BACHELOR OF SCIENCE IN ARCHITECTURE (BS ARCH) |  | | CIFP102 | ADNU Social Mission and Formation | [1.5] | 1.5 |  |  | CIFP101 | ADNU Culture and Spirituality | | | --- | --- | --- | --- | --- | --- | --- | --- | | | CRCP002 | SRA Reading Program 2 | [1.5] | 1.5 |  |  | CRCP001 | SRA Reading Progra...

--- Chunk 5 (table, page 2) ---
  Metadata: {'source': 'CURRICULUM FOR BACHELOR OF SCIENCE IN ARCHITECTURE (BS ARCH).pdf', 'page': 2, 'type': 'table', 'program_code': 'BS ARCH'}
  Content:  Program: BACHELOR OF SCIENCE IN ARCHITECTURE (BS ARCH) | SECOND YEAR - First Semester |  | | Course Code | Course Title | Credit Units | Pay Units (in hours) |  |  | Prerequisite | Prerequisite Course Title | | | --- | --- | --- | --- | --- | --- | --- | --- | | |  |  |  | lec | lab | stu dio |  |  | | | PHIN10...

=== Body Text Duplication Check ===
  Page 1: Clean (360 chars)
  Page 2: Clean (106 chars)
  Page 3: Clean (102 chars)
  Page 4: Clean (337 chars)
  Page 5: Clean (187 chars)
  Page 6: Clean (80 chars)

=== Math Curriculum Extraction ===
2026-03-03 18:35:49 [INFO] AXIsstant: Reading PDF: CURRICULUM FOR BACHELOR OF SCIENCE IN MATHEMATICS (BS MATH).pdf...
Total: 12 chunks (9 tables, 3 text)

--- table (page 1) ---
  Program: BACHELOR OF SCIENCE IN MATHEMATICS (BS MATH) | Year 0, Summer |  | | Course code | Course title | Credit units | Pay units Lec Lab |  | Pre-requisite |  | | | --- | --- | --- | --- | --- | --- | --- | | |  |  |  |  | Lab | Course code | Course title |

--- table (page 1) ---
  Program: BACHELOR OF SCIENCE IN MATHEMATICS (BS MATH) | Year 1, Semester 1 |  | | Course code | Course title | Credit units | Pay units |  | Pre-requisite |  | | | --- | --- | --- | --- | --- | --- | --- | | |  |  |  | Lec | Lab | Course code | Course title | | 

--- table (page 1) ---
  Program: BACHELOR OF SCIENCE IN MATHEMATICS (BS MATH) | Year 1, Semester 2 |  | | Course code | Course title | Credit units | Pay units |  | Pre-requisite |  | | | --- | --- | --- | --- | --- | --- | --- | | |  |  |  | Lec | Lab | Course code | Course title | | 

Done.
